// Jest Snapshot v1, https://goo.gl/fbAQLP

exports[`<MyPage authUser={null} /> should renders correctly 1`] = `null`;

exports[`<MyPage authUser={user} /> should renders correctly 1`] = `
<div>
  <h1>
    MyPage
  </h1>
  <ul
    className="MuiList-root-1 MuiList-padding-2"
  >
    <li
      className="MuiListItem-root-5 MuiListItem-default-8 MuiListItem-gutters-12"
      disabled={false}
    >
      <svg
        aria-hidden="true"
        className="MuiSvgIcon-root-16"
        focusable="false"
        role="presentation"
        viewBox="0 0 24 24"
      >
        <path
          d="M20 4H4c-1.1 0-1.99.9-1.99 2L2 18c0 1.1.9 2 2 2h16c1.1 0 2-.9 2-2V6c0-1.1-.9-2-2-2zm0 4l-8 5-8-5V6l8 5 8-5v2z"
        />
        <path
          d="M0 0h24v24H0z"
          fill="none"
        />
      </svg>
      <div
        className="MuiListItemText-root-25"
      >
        <span
          className="MuiTypography-root-31 MuiTypography-subheading-38 MuiListItemText-primary-28"
        >
          example@example.com
        </span>
      </div>
    </li>
    <li
      className="MuiListItem-root-5 MuiListItem-default-8 MuiListItem-gutters-12"
      disabled={false}
    >
      <svg
        aria-hidden="true"
        className="MuiSvgIcon-root-16"
        focusable="false"
        role="presentation"
        viewBox="0 0 24 24"
      >
        <path
          d="M12 5.9c1.16 0 2.1.94 2.1 2.1s-.94 2.1-2.1 2.1S9.9 9.16 9.9 8s.94-2.1 2.1-2.1m0 9c2.97 0 6.1 1.46 6.1 2.1v1.1H5.9V17c0-.64 3.13-2.1 6.1-2.1M12 4C9.79 4 8 5.79 8 8s1.79 4 4 4 4-1.79 4-4-1.79-4-4-4zm0 9c-2.67 0-8 1.34-8 4v3h16v-3c0-2.66-5.33-4-8-4z"
        />
        <path
          d="M0 0h24v24H0z"
          fill="none"
        />
      </svg>
      <div
        className="MuiListItemText-root-25"
      >
        <span
          className="MuiTypography-root-31 MuiTypography-subheading-38 MuiListItemText-primary-28"
        >
           
          this_is_example
        </span>
      </div>
    </li>
  </ul>
</div>
`;
