// Jest Snapshot v1, https://goo.gl/fbAQLP

exports[`Home Test renders Home correctly 1`] = `
<div>
  <h1>
    Home
  </h1>
  <p>
    ようこそ Kagaribi へ
  </p>
</div>
`;
