// Jest Snapshot v1, https://goo.gl/fbAQLP

exports[`<About /> should renders correctly 1`] = `
<div>
  <h1>
    About
  </h1>
  <p>
    Kagaribi はあなたのスケジュールを照らし、調整を容易にします。
  </p>
</div>
`;
